[comp] 使用自定义因子子集: ['alpha003', 'alpha006', 'alpha019', 'alpha015', 'alpha021', 'alpha026', 'alpha040', 'alpha012', 'alpha045', 'alpha018', 'alpha024', 'alpha069', 'alpha088', 'alpha044']
  ST 表 dtype: {dtype('bool'): 2727}

===== 复合因子 vs 单因子：验证期 ICIR（5个周期）=====
horizon        1      2      3      4      5
factor                                      
alpha003   0.281  0.333  0.352  0.367  0.389
alpha006   0.306  0.368  0.440  0.467  0.492
alpha012   0.318  0.314  0.334  0.381  0.394
alpha015   0.370  0.402  0.433  0.436  0.431
alpha018   0.250  0.278  0.287  0.328  0.329
alpha019   0.248  0.239  0.249  0.260  0.274
alpha021   0.069  0.058  0.057  0.045  0.031
alpha024   0.232  0.252  0.269  0.300  0.313
alpha026   0.337  0.348  0.366  0.387  0.395
alpha040   0.444  0.508  0.571  0.608  0.636
alpha044   0.391  0.396  0.453  0.483  0.490
alpha045   0.275  0.289  0.304  0.331  0.314
alpha069   0.360  0.414  0.454  0.479  0.482
alpha088   0.481  0.532  0.591  0.624  0.655
comp_eq    0.550  0.604  0.686  0.736  0.758
comp_orth  0.554  0.616  0.667  0.697  0.731
comp_w     0.551  0.605  0.681  0.724  0.748

===== 分层多空绩效（train/valid）=====
   factor   version period   年化收益     夏普   最大回撤   月胜率     G1     G2     G3     G4     G5
  comp_eq composite  train  0.461  4.200 -0.080 0.852 -0.205 -0.023  0.170  0.121  0.169
  comp_eq composite  valid  0.265  2.520 -0.068 0.708 -0.015  0.210  0.237  0.246  0.260
   comp_w composite  train  0.477  4.173 -0.081 0.833 -0.215 -0.018  0.156  0.130  0.169
   comp_w composite  valid  0.238  2.221 -0.069 0.750 -0.006  0.189  0.265  0.240  0.247
comp_orth composite  train  0.224  2.789 -0.079 0.769 -0.116  0.006  0.039  0.035  0.090
comp_orth composite  valid  0.175  1.838 -0.083 0.667  0.027  0.120  0.157  0.254  0.227
 alpha003       neu  train  0.179  2.864 -0.076 0.806 -0.059  0.011  0.076  0.088  0.114
 alpha003       neu  valid  0.134  2.467 -0.048 0.667  0.055  0.143  0.218  0.171  0.201
 alpha006       neu  train  0.223  2.976 -0.088 0.806 -0.094  0.037  0.083  0.090  0.114
 alpha006       neu  valid  0.242  3.296 -0.039 0.833  0.042  0.171  0.182  0.243  0.299
 alpha019       neu  train  0.169  1.896 -0.195 0.685 -0.155 -0.070 -0.025 -0.015 -0.011
 alpha019       neu  valid  0.108  1.257 -0.092 0.667  0.123  0.145  0.204  0.224  0.238
 alpha015       neu  train  0.170  2.868 -0.055 0.787 -0.043  0.007  0.043  0.086  0.124
 alpha015       neu  valid  0.024  0.522 -0.051 0.542  0.193  0.141  0.171  0.194  0.225
 alpha021       neu  train  0.278  2.986 -0.070 0.806 -0.090  0.010  0.042  0.111  0.165
 alpha021       neu  valid -0.009 -0.056 -0.134 0.500  0.271  0.145  0.163  0.289  0.261
 alpha026       neu  train  0.218  3.250 -0.043 0.815 -0.076 -0.013  0.050  0.086  0.129
 alpha026       neu  valid  0.033  0.623 -0.056 0.583  0.187  0.169  0.143  0.198  0.229
 alpha040       neu  train  0.387  4.057 -0.098 0.870 -0.151 -0.015  0.082  0.143  0.192
 alpha040       neu  valid  0.263  2.550 -0.046 0.750 -0.004  0.183  0.224  0.263  0.275
 alpha012       neu  train  0.195  2.723 -0.136 0.787 -0.102  0.042  0.107  0.095  0.075
 alpha012       neu  valid  0.131  1.949 -0.047 0.750  0.103  0.151  0.182  0.229  0.254
 alpha045       neu  train  0.117  1.962 -0.077 0.713 -0.060  0.011  0.110  0.119  0.051
 alpha045       neu  valid  0.118  2.053 -0.043 0.625  0.129  0.169  0.161  0.201  0.266
 alpha018       neu  train  0.252  2.639 -0.087 0.750 -0.138  0.048  0.107  0.137  0.083
 alpha018       neu  valid  0.152  1.551 -0.097 0.708  0.048  0.241  0.215  0.207  0.218
 alpha024       neu  train  0.207  2.247 -0.147 0.787 -0.087  0.035  0.068  0.106  0.099
 alpha024       neu  valid  0.134  1.630 -0.058 0.667  0.107  0.157  0.183  0.214  0.258
 alpha069       neu  train  0.297  3.026 -0.109 0.806 -0.124  0.012  0.086  0.144  0.138
 alpha069       neu  valid  0.132  1.399 -0.068 0.625  0.104  0.130  0.217  0.213  0.258
 alpha088       neu  train  0.315  2.571 -0.125 0.769 -0.149  0.053  0.063  0.138  0.133
 alpha088       neu  valid  0.084  0.755 -0.108 0.583  0.058  0.240  0.169  0.292  0.173
 alpha044       neu  train  0.284  3.887 -0.052 0.852 -0.102 -0.012  0.048  0.074  0.156
 alpha044       neu  valid  0.072  1.263 -0.065 0.667  0.101  0.171  0.160  0.197  0.184

输出目录: D:\Quant\Quant_research\results_composite_000852_top14/
  D:\Quant\Quant_research\results_composite_000852_top14/comp_eq_z.csv
  D:\Quant\Quant_research\results_composite_000852_top14/comp_orth_z.csv
  D:\Quant\Quant_research\results_composite_000852_top14/comp_w_z.csv
  D:\Quant\Quant_research\results_composite_000852_top14/composite_compare.png
  D:\Quant\Quant_research\results_composite_000852_top14/ic_stats_composite.csv
  D:\Quant\Quant_research\results_composite_000852_top14/layered_stats_composite.csv
  D:\Quant\Quant_research\results_composite_000852_top14/weights_history.csv
