[ml14] 使用自定义因子子集: ['alpha003', 'alpha006', 'alpha019', 'alpha015', 'alpha021', 'alpha026']
[ml14] 激活模型: ['xgb']
  ST 表 dtype: {dtype('bool'): 2727}

===== 测试段(2024-2025) ICIR 对比 =====
horizon        1      2      3      4      5
factor                                      
avg_ret3   0.333  0.326  0.356  0.374  0.385
avg_ret5   0.334  0.339  0.369  0.384  0.387
comp_eq14  0.410  0.433  0.491  0.530  0.552
comp_w14   0.424  0.471  0.523  0.539  0.567
xgb_ret3   0.333  0.326  0.356  0.374  0.385
xgb_ret5   0.334  0.339  0.369  0.384  0.387

===== 分层多空（测试段）=====
   factor version period  年化收益    夏普   最大回撤   月胜率    G1    G2    G3    G4    G5
 xgb_ret3      ml  valid 0.123 1.355 -0.064 0.708 0.105 0.160 0.176 0.236 0.240
 xgb_ret5      ml  valid 0.138 1.472 -0.062 0.750 0.082 0.191 0.169 0.240 0.234
 avg_ret3      ml  valid 0.123 1.355 -0.064 0.708 0.105 0.160 0.176 0.236 0.240
 avg_ret5      ml  valid 0.138 1.472 -0.062 0.750 0.082 0.191 0.169 0.240 0.234
comp_eq14  linear  valid 0.101 2.178 -0.043 0.750 0.131 0.084 0.228 0.076 0.245
 comp_w14  linear  valid 0.096 2.189 -0.034 0.708 0.133 0.018 0.228 0.014 0.243

输出目录: D:\Quant\Quant_research\results_ml14_000852_6f/
  D:\Quant\Quant_research\results_ml14_000852_6f/debug_log.txt
  D:\Quant\Quant_research\results_ml14_000852_6f/feature_importance.csv
  D:\Quant\Quant_research\results_ml14_000852_6f/ic_stats_ml.csv
  D:\Quant\Quant_research\results_ml14_000852_6f/layered_stats_ml.csv
  D:\Quant\Quant_research\results_ml14_000852_6f/pred_avg_ret3.csv
  D:\Quant\Quant_research\results_ml14_000852_6f/pred_avg_ret5.csv
  D:\Quant\Quant_research\results_ml14_000852_6f/pred_comp_eq14.csv
  D:\Quant\Quant_research\results_ml14_000852_6f/pred_comp_w14.csv
  D:\Quant\Quant_research\results_ml14_000852_6f/pred_xgb_ret3.csv
  D:\Quant\Quant_research\results_ml14_000852_6f/pred_xgb_ret5.csv
  D:\Quant\Quant_research\results_ml14_000852_6f/turnover_ml.csv
