  ST 表 dtype: {dtype('bool'): 1353}

===== 测试段(2024-2025) ICIR 对比 =====
horizon        1      2      3      4      5
factor                                      
comp_eq55  0.282  0.309  0.321  0.314  0.297
comp_w55   0.336  0.354  0.383  0.388  0.374
rf_ret3    0.273  0.291  0.309  0.315  0.320
rf_ret5    0.295  0.327  0.347  0.355  0.374
xgb_ret3   0.341  0.367  0.364  0.380  0.406
xgb_ret5   0.335  0.358  0.372  0.392  0.420

===== 分层多空（测试段）=====
   factor version period   年化收益    夏普   最大回撤   月胜率    G1    G2    G3    G4    G5
 xgb_ret3      ml  valid  0.095 0.961 -0.081 0.667 0.101 0.171 0.213 0.246 0.218
  rf_ret3      ml  valid  0.046 0.440 -0.101 0.542 0.108 0.253 0.189 0.218 0.179
 xgb_ret5      ml  valid  0.110 1.004 -0.111 0.583 0.092 0.179 0.220 0.224 0.230
  rf_ret5      ml  valid  0.089 0.762 -0.131 0.667 0.085 0.201 0.271 0.179 0.209
comp_eq55  linear  valid -0.000 0.026 -0.058 0.500 0.192 0.235 0.217 0.279 0.196
 comp_w55  linear  valid  0.014 0.274 -0.047 0.500 0.183 0.212 0.217 0.146 0.204

输出目录: results_ml55_000905/
  results_ml55_000905/debug_log.txt
  results_ml55_000905/dependence.csv
  results_ml55_000905/feature_importance.csv
  results_ml55_000905/ic_stats_ml.csv
  results_ml55_000905/interaction.csv
  results_ml55_000905/layered_stats_ml.csv
  results_ml55_000905/pred_comp_eq55.csv
  results_ml55_000905/pred_comp_w55.csv
  results_ml55_000905/pred_rf_ret3.csv
  results_ml55_000905/pred_rf_ret5.csv
  results_ml55_000905/pred_xgb_ret3.csv
  results_ml55_000905/pred_xgb_ret5.csv
  results_ml55_000905/turnover_ml.csv
